==================================================
CPU Matrix Operations Test
Using NumPy for CPU computation
==================================================
Start time: 2025-06-27 16:23:48

Creating matrices...
Matrix size: 2000 x 2000
Matrix A shape: (2000, 2000), dtype: float32
Matrix B shape: (2000, 2000), dtype: float32
Memory usage: ~30.5 MB

Performing matrix multiplication (A @ B)...
Matrix multiplication completed in 0.0554 seconds
Result matrix C shape: (2000, 2000)

Performing element-wise operations...
Element-wise operations completed in 0.0480 seconds

Computing statistics...
Statistical computations completed in 0.0152 seconds

Performing additional operations...
Additional operations completed in 0.1705 seconds

==================================================
COMPUTATION RESULTS
==================================================
Matrix C (A @ B) Statistics:
  Mean: -0.029972
  Std:  44.721294
  Max:  237.877274
  Min:  -223.467484

Matrix D (A*B + sin(A) + cos(B)) Statistics:
  Mean: 0.606066
  Std:  1.277567
  Max:  13.334367
  Min:  -14.542114

Additional Operations:
  Eigenvalues (100x100): 100 computed
  SVD singular values (100x100): 100 computed
  Matrix inversion (100x100): completed

==================================================
TIMING RESULTS
==================================================
Matrix multiplication time: 0.0554 seconds
Element-wise operations time: 0.0480 seconds
Statistical operations time: 0.0152 seconds
Additional operations time: 0.1705 seconds

End time: 2025-06-27 16:23:48
TOTAL EXECUTION TIME: 0.5730 seconds
==================================================

âœ… CPU matrix operations completed successfully!

System Information:
  Python version: 3.12.7 | packaged by conda-forge | (main, Oct  4 2024, 16:05:46) [GCC 13.3.0]
  NumPy version: 1.26.4
Build Dependencies:
  blas:
    detection method: pkgconfig
    found: true
    include directory: /usr/local/include
    lib directory: /usr/local/lib
    name: openblas64
    openblas configuration: USE_64BITINT=1 DYNAMIC_ARCH=1 DYNAMIC_OLDER= NO_CBLAS=
      NO_LAPACK= NO_LAPACKE= NO_AFFINITY=1 USE_OPENMP= HASWELL MAX_THREADS=2
    pc file directory: /usr/local/lib/pkgconfig
    version: 0.3.23.dev
  lapack:
    detection method: internal
    found: true
    include directory: unknown
    lib directory: unknown
    name: dep140551260102944
    openblas configuration: unknown
    pc file directory: unknown
    version: 1.26.4
Compilers:
  c:
    args: -fno-strict-aliasing
    commands: cc
    linker: ld.bfd
    linker args: -Wl,--strip-debug, -fno-strict-aliasing
    name: gcc
    version: 10.2.1
  c++:
    commands: c++
    linker: ld.bfd
    linker args: -Wl,--strip-debug
    name: gcc
    version: 10.2.1
  cython:
    commands: cython
    linker: cython
    name: cython
    version: 3.0.8
Machine Information:
  build:
    cpu: x86_64
    endian: little
    family: x86_64
    system: linux
  host:
    cpu: x86_64
    endian: little
    family: x86_64
    system: linux
Python Information:
  path: /opt/python/cp312-cp312/bin/python
  version: '3.12'
SIMD Extensions:
  baseline:
  - SSE
  - SSE2
  - SSE3
  found:
  - SSSE3
  - SSE41
  - POPCNT
  - SSE42
  - AVX
  - F16C
  - FMA3
  - AVX2
  not found:
  - AVX512F
  - AVX512CD
  - AVX512_KNL
  - AVX512_KNM
  - AVX512_SKX
  - AVX512_CLX
  - AVX512_CNL
  - AVX512_ICL

  NumPy config: None
