==================================================
GPU Matrix Operations Test
Using CuPy (RAPIDS 25.02) for GPU computation
==================================================
